{
    "name": "bmshj2018-factorized-ms-ssim",
    "description": "Inference (entropy estimation)",
    "results": {
        "psnr-rgb": [
            27.708053588867188
        ],
        "ms-ssim-rgb": [
            0.97897869348526
        ],
        "bpp": [
            0.34460413455963135
        ],
        "encoding_time": [
            0.5353310108184814
        ],
        "decoding_time": [
            0.5353310108184814
        ]
    }
}