{
    "name": "bmshj2018-factorized-mse",
    "description": "Inference (ans)",
    "results": {
        "psnr-rgb": [
            29.846078872680664
        ],
        "ms-ssim-rgb": [
            0.9760127663612366
        ],
        "bpp": [
            0.46142578125
        ],
        "encoding_time": [
            0.43796825408935547
        ],
        "decoding_time": [
            0.5917160511016846
        ]
    }
}