{
    "name": "bmshj2018-factorized-mse",
    "description": "Inference (ans)",
    "results": {
        "psnr-rgb": [
            37.26597595214844
        ],
        "ms-ssim-rgb": [
            0.9952630400657654
        ],
        "bpp": [
            1.967529296875
        ],
        "encoding_time": [
            0.9942131042480469
        ],
        "decoding_time": [
            1.3458828926086426
        ]
    }
}