{
    "name": "bmshj2018-factorized-mse",
    "description": "Inference (entropy estimation)",
    "results": {
        "psnr-rgb": [
            37.26597595214844
        ],
        "ms-ssim-rgb": [
            0.9952630400657654
        ],
        "bpp": [
            1.9624894857406616
        ],
        "encoding_time": [
            1.0375230312347412
        ],
        "decoding_time": [
            1.0375230312347412
        ]
    }
}