{
    "name": "bmshj2018-factorized-mse",
    "description": "Inference (ans)",
    "results": {
        "psnr-rgb": [
            25.92412567138672
        ],
        "ms-ssim-rgb": [
            0.9256637096405029
        ],
        "bpp": [
            0.14737955729166666
        ],
        "encoding_time": [
            0.4515058994293213
        ],
        "decoding_time": [
            0.6168711185455322
        ]
    }
}