{
    "name": "bmshj2018-factorized-ms-ssim",
    "description": "Inference (ans)",
    "results": {
        "psnr-rgb": [
            27.708053588867188
        ],
        "ms-ssim-rgb": [
            0.97897869348526
        ],
        "bpp": [
            0.344970703125
        ],
        "encoding_time": [
            0.45358777046203613
        ],
        "decoding_time": [
            0.5925049781799316
        ]
    }
}