{
    "name": "bmshj2018-factorized-mse",
    "description": "Inference (entropy estimation)",
    "results": {
        "psnr-rgb": [
            25.92412567138672
        ],
        "ms-ssim-rgb": [
            0.9256637096405029
        ],
        "bpp": [
            0.1471693515777588
        ],
        "encoding_time": [
            0.5702190399169922
        ],
        "decoding_time": [
            0.5702190399169922
        ]
    }
}